------------------------- INSTALL AND SOURCES -------------------------
###### Officials sources
https://kubernetes.io/docs/tasks/tools/

###### Links and Tutorials
https://matthewpalmer.net/kubernetes-app-developer/articles/install-kubernetes-ubuntu-tutorial.html
https://www.youtube.com/watch?v=X48VuDVv0do

###### Install Kubectl
curl -LO https://storage.googleapis.com/kubernetes-release/release/$(curl -s https://storage.googleapis.com/kubernetes-release/release/stable.txt)/bin/linux/amd64/kubectl

###### Install Minikube
curl -Lo minikube https://storage.googleapis.com/minikube/releases/v0.23.0/minikube-linux-amd64 && chmod +xminikube && sudo mv minikube /usr/local/bin/

###### K8S version
kubectl version

-------------------------- START/STOP/STATUS --------------------------
###### Start/Stop Minikube
minikube start
minikube stop

###### Status Minikube
minikube status

If error, run:
minikube start â€”vm driver=none

---------------------------  INTRODUCTION ------------------------------
The DEPLOYMENT manages REPLICASET.
REPLICASET manages a POD.
POD is an abstraction of CONTAINER.

----------------------------- DEPLOYMENT -------------------------------
###### Create a Deployment from a Docker image
kubectl create deployment <name_deployment> --image=<docker_image>
$ kubectl create deployment nginx-depl --image=nginx

###### Create a deploymnet by YAML file
kubectl apply -f deployment.yaml

###### View a Deployment
kubectl get deployment <deployment_name>
kubectl get deployment <deployment_name> -o yaml  (output in yaml format)

###### View ReplicaSet of the deployment
kubectl get replicaset

###### Edit a Deployment
kubectl edit deployment <deployment_name>

###### Delete a deployment by YAML file
kubectl delete -f deployment.yaml

###### Deploy a deploymnet by image
kubectl run hello-minikube --image=gcr.io/google_containers/echoserver:1.4 --port=8080

###### Expose deployment
kubectl expose deployment <deployment name> --type=NodePort
$ kubectl expose deployment hello-minikube  --type=NodePort

###### Delete deployment
kubectl delete deployment hello-minikube

###### Check deployments
kubectl get deployments

###### Describe a deployment
kubectl describe deployments <deployment name>
$ kubectl describe deployments tomcat-deployment

###### Scaling deployment with more replicas
kubectl scale --replicas=4 deployment/<deployment name>
$ kubectl scale --replicas=4 deployment/tomcat-deployment

###### Define Load Balancer service
kubectl expose deployment <deployment name> --type=LoadBalancer --port=<internal port> --target-port=<external port> --name=<load balancer service name>
$ kubectl expose deployment tomcat-deployment --type=LoadBalancer --port=8080 --target-port=8080 --name tomcat-load-balancer

###### List deployments
kubectl list deployments

###### View status of deployment roll outs
kubectl rollout status

###### Set image of a deployment
kubectl set image deployment/<deployment name> <command>
$ kubectl set image deployment/tomcat-deployment tomcat=tomcat:9.0.1

###### View the history of a rollout, including previous revisions
kubectl rollout history deployment/<deployment name>
$ kubectl rollout history deployment/tomcat-deployment

###### View a specific revision
kubectl rollout history deployment/<deployment name> --revision=<number of revision>
$ kubectl rollout history deployment/tomcat-deployment --revision=4

------------------------------ PODS -------------------------------
###### List the active "pods"
kubectl get pod
kubectl get pod -o wide (more information like IP address)

###### Describe pod
kubectl describe pod <pod name>

###### Forwards one o more local ports to a pod
kubectl port-forward <pod name> [local port]:[remote port]

###### Read pod logs
kubectl logs <pod_name>
kubectl attach <pod name>

###### Associate key-velue label to the pod
kubectl label pods <pod name> <key>=<value>

###### Enter into the pod
kubectl exec -it pod <pod name> bash


---------------------------- SERVICES -------------------------------
###### List the active "services"
kubectl get services

###### Service info
minikube service hello-minikube --url

###### Access the sample service
curl $(minikube service hello-minikube --url)

###### Describe service
kubectl describe services <service name>
$ kubectl describe services tomcat-load-balancer

----------------------------- NODES ---------------------------------
###### View nodes
kubectl get nodes

###### Describe a node
kubctl describe node <node_name>
$ kubctl describe node minikube

###### Create a label for a Node
kubectl label node <node_name> <label>
$ kubectl label node minikube storageType=ssd

-------------------------- DASHBOARD UI -----------------------------
###### Install
kubectl create -f https://raw.githubusercontent.com/kubernetes/dashboard/master/src/deploy/recommended/kubernetes-dashboard.yaml

###### Execute
kubectl proxy

###### Navigate
http://localhost:8001/ui

If this command shows only API path and not the user interface, then run:
  minikube dashboard
or
  http://localhost:8001/api/v1/namespaces/kube-system/services/kubernetes-dashboard/proxy
to fix it.
